/Users/areenjain/Library/Python/3.9/lib/python/site-packages/urllib3/__init__.py:35: NotOpenSSLWarning: urllib3 v2 only supports OpenSSL 1.1.1+, currently the 'ssl' module is compiled with 'LibreSSL 2.8.3'. See: https://github.com/urllib3/urllib3/issues/3020
  warnings.warn(
INFO:     Will watch for changes in these directories: ['/Users/areenjain/Documents/Ignis/ml_backend']
INFO:     Uvicorn running on http://0.0.0.0:8000 (Press CTRL+C to quit)
INFO:     Started reloader process [10430] using WatchFiles
/Users/areenjain/Library/Python/3.9/lib/python/site-packages/pydantic/_internal/_fields.py:161: UserWarning: Field "model_info" has conflict with protected namespace "model_".

You may be able to resolve this warning by setting `model_config['protected_namespaces'] = ()`.
  warnings.warn(
INFO:     Started server process [10432]
INFO:     Waiting for application startup.
INFO:     Application startup complete.
✅ Loaded pre-trained enhanced ensemble model (94% accuracy)
INFO:     127.0.0.1:56054 - "GET /health HTTP/1.1" 200 OK
WARNING:  WatchFiles detected changes in 'weather_service.py'. Reloading...
INFO:     Shutting down
INFO:     Waiting for application shutdown.
INFO:     Application shutdown complete.
INFO:     Finished server process [10432]
/Users/areenjain/Library/Python/3.9/lib/python/site-packages/pydantic/_internal/_fields.py:161: UserWarning: Field "model_info" has conflict with protected namespace "model_".

You may be able to resolve this warning by setting `model_config['protected_namespaces'] = ()`.
  warnings.warn(
INFO:     Started server process [10967]
INFO:     Waiting for application startup.
INFO:     Application startup complete.
✅ Loaded pre-trained enhanced ensemble model (94% accuracy)
INFO:     127.0.0.1:56096 - "GET /model/info HTTP/1.1" 200 OK
INFO:     127.0.0.1:56101 - "POST /predict HTTP/1.1" 200 OK
INFO:     127.0.0.1:56096 - "POST /predict HTTP/1.1" 200 OK
Rate limiting: waiting 9.3 seconds...
Rate limiting: waiting 9.3 seconds...
Rate limiting: waiting 9.3 seconds...
Rate limiting: waiting 9.3 seconds...
Rate limiting: waiting 9.3 seconds...
Rate limiting: waiting 9.3 seconds...
Rate limiting: waiting 9.3 seconds...
Rate limiting: waiting 9.3 seconds...
Rate limiting: waiting 9.3 seconds...
Rate limiting: waiting 9.3 seconds...
Rate limiting: waiting 9.3 seconds...
Rate limiting: waiting 9.3 seconds...
Rate limiting: waiting 9.3 seconds...
Rate limiting: waiting 9.3 seconds...
Rate limiting: waiting 9.3 seconds...
Rate limiting: waiting 9.3 seconds...
Rate limiting: waiting 9.3 seconds...
Rate limiting: waiting 9.3 seconds...
Rate limiting: waiting 9.3 seconds...
Rate limiting: waiting 9.3 seconds...
Rate limiting: waiting 9.3 seconds...
Rate limiting: waiting 9.3 seconds...
Rate limiting: waiting 9.3 seconds...
Rate limiting: waiting 9.3 seconds...
Rate limiting: waiting 9.3 seconds...
Rate limiting: waiting 9.3 seconds...
Rate limiting: waiting 9.3 seconds...
Rate limiting: waiting 9.3 seconds...
Rate limiting: waiting 9.3 seconds...
Rate limiting: waiting 9.3 seconds...
Rate limiting: waiting 9.3 seconds...
Rate limiting: waiting 9.3 seconds...
Rate limiting: waiting 9.3 seconds...
Rate limiting: waiting 9.3 seconds...
Rate limiting: waiting 9.3 seconds...
Rate limiting: waiting 9.3 seconds...
Rate limiting: waiting 9.2 seconds...
Rate limiting: waiting 9.2 seconds...
Rate limiting: waiting 9.2 seconds...
Rate limiting: waiting 9.2 seconds...
Rate limiting: waiting 9.2 seconds...
Rate limiting: waiting 9.2 seconds...
Rate limiting: waiting 9.2 seconds...
Rate limiting: waiting 9.2 seconds...
Rate limiting: waiting 9.2 seconds...
Rate limiting: waiting 9.2 seconds...
Rate limiting: waiting 9.2 seconds...
Rate limiting: waiting 9.2 seconds...
Rate limit exceeded for 33.8303, -116.5453. Using fallback data.
INFO:     127.0.0.1:56096 - "POST /predict HTTP/1.1" 200 OK
INFO:     127.0.0.1:56101 - "POST /predict HTTP/1.1" 200 OK
